2026-01-22 16:01:04.589268 - ZAINAL ARIFIN MOCHTAR BUKAN GURU BESAR BIASA!_1.mp4: The api_key client option must be set either by passing api_key to the client or by setting the OPENAI_API_KEY environment variable
2026-01-22 16:03:57.910945 - ZAINAL ARIFIN MOCHTAR BUKAN GURU BESAR BIASA!_1.mp4: Error code: 401 - {'error': {'message': 'Incorrect API key provided: sk-XXXXX***********************************************************************************************************************************************************************************AXXX. You can find your API key at https://platform.openai.com/account/api-keys.', 'type': 'invalid_request_error', 'code': 'invalid_api_key', 'param': None}, 'status': 401}
2026-01-22 16:07:03.298505 - ZAINAL ARIFIN MOCHTAR BUKAN GURU BESAR BIASA!_1.mp4: Error code: 429 - {'error': {'message': 'You exceeded your current quota, please check your plan and billing details. For more information on this error, read the docs: https://platform.openai.com/docs/guides/error-codes/api-errors.', 'type': 'insufficient_quota', 'param': None, 'code': 'insufficient_quota'}}
